{"\r":"Carriage Return","1":"One","Â€":"Control","Ã¶":"Latin Small Letter O With Diaeresis","â‚¬":"Euro Sign","ðŸ˜€":"Emoji: Grinning Face","ï¬³":"Hebrew Letter Dalet With Dagesh"}